Copyright 1986-2022 Xilinx, Inc. All Rights Reserved. Copyright 2022-2025 Advanced Micro Devices, Inc. All Rights Reserved.
---------------------------------------------------------------------------------------------------------------------------------------------
| Tool Version : Vivado v.2025.1 (win64) Build 6140274 Thu May 22 00:12:29 MDT 2025
| Date         : Tue Oct  6 10:51:03 2026
| Host         : Gonzalez2026 running 64-bit major release  (build 9200)
| Command      : upgrade_ip
| Device       : xc7z045ffg676-3
---------------------------------------------------------------------------------------------------------------------------------------------

Upgrade Log for IP 'SPI_TMAG5170UEVM_design_1_xlconcat_0_0'

1. Summary
----------

SUCCESS in the update of SPI_TMAG5170UEVM_design_1_xlconcat_0_0 (xilinx.com:ip:xlconcat:2.1 (Rev. 7)) to current project options.






Copyright 1986-2022 Xilinx, Inc. All Rights Reserved. Copyright 2022-2025 Advanced Micro Devices, Inc. All Rights Reserved.
---------------------------------------------------------------------------------------------------------------------------------------------
| Tool Version : Vivado v.2025.1 (win64) Build 6140274 Thu May 22 00:12:29 MDT 2025
| Date         : Tue Oct  6 10:51:03 2026
| Host         : Gonzalez2026 running 64-bit major release  (build 9200)
| Command      : upgrade_ip
| Device       : xc7z045ffg676-3
---------------------------------------------------------------------------------------------------------------------------------------------

Upgrade Log for IP 'SPI_TMAG5170UEVM_design_1_rst_ps7_0_50M_0'

1. Summary
----------

SUCCESS in the update of SPI_TMAG5170UEVM_design_1_rst_ps7_0_50M_0 (xilinx.com:ip:proc_sys_reset:5.0 (Rev. 17)) to current project options.






Copyright 1986-2022 Xilinx, Inc. All Rights Reserved. Copyright 2022-2025 Advanced Micro Devices, Inc. All Rights Reserved.
---------------------------------------------------------------------------------------------------------------------------------------------
| Tool Version : Vivado v.2025.1 (win64) Build 6140274 Thu May 22 00:12:29 MDT 2025
| Date         : Tue Oct  6 10:51:03 2026
| Host         : Gonzalez2026 running 64-bit major release  (build 9200)
| Command      : upgrade_ip
| Device       : xc7z045ffg676-3
---------------------------------------------------------------------------------------------------------------------------------------------

Upgrade Log for IP 'SPI_TMAG5170UEVM_design_1_processing_system7_0_0'

1. Summary
----------

SUCCESS in the update of SPI_TMAG5170UEVM_design_1_processing_system7_0_0 (xilinx.com:ip:processing_system7:5.5 (Rev. 7)) to current project options.

2. Upgrade messages
-------------------

WARNING: upgrade cannot add parameter PCW_TRACE_INTERNAL_WIDTH with default value 32 : a parameter called PCW_TRACE_INTERNAL_WIDTH already exists in processing_system7_v5_5
WARNING: upgrade cannot add parameter PCW_USE_AXI_NONSECURE with default value 0 : a parameter called PCW_USE_AXI_NONSECURE already exists in processing_system7_v5_5
WARNING: upgrade cannot add parameter PCW_EN_PTP_ENET0 with default value 1 : a parameter called PCW_EN_PTP_ENET0 already exists in processing_system7_v5_5
WARNING: upgrade cannot add parameter PCW_EN_PTP_ENET0 with default value 1 : a parameter called PCW_EN_PTP_ENET0 already exists in processing_system7_v5_5
WARNING: upgrade cannot add parameter PCW_GP0_NUM_WRITE_THREADS with default value 4 : a parameter called PCW_GP0_NUM_WRITE_THREADS already exists in processing_system7_v5_5
WARNING: upgrade cannot add parameter PCW_GP0_NUM_READ_THREADS with default value 4 : a parameter called PCW_GP0_NUM_READ_THREADS already exists in processing_system7_v5_5
WARNING: upgrade cannot add parameter PCW_GP1_NUM_WRITE_THREADS with default value 4 : a parameter called PCW_GP1_NUM_WRITE_THREADS already exists in processing_system7_v5_5
WARNING: upgrade cannot add parameter PCW_GP1_NUM_READ_THREADS with default value 4 : a parameter called PCW_GP1_NUM_READ_THREADS already exists in processing_system7_v5_5
WARNING: upgrade cannot add parameter PCW_GP0_EN_MODIFIABLE_TXN with default value 0 : a parameter called PCW_GP0_EN_MODIFIABLE_TXN already exists in processing_system7_v5_5
WARNING: upgrade cannot add parameter PCW_GP1_EN_MODIFIABLE_TXN with default value 0 : a parameter called PCW_GP1_EN_MODIFIABLE_TXN already exists in processing_system7_v5_5






Copyright 1986-2022 Xilinx, Inc. All Rights Reserved. Copyright 2022-2025 Advanced Micro Devices, Inc. All Rights Reserved.
---------------------------------------------------------------------------------------------------------------------------------------------
| Tool Version : Vivado v.2025.1 (win64) Build 6140274 Thu May 22 00:12:29 MDT 2025
| Date         : Tue Oct  6 10:51:03 2026
| Host         : Gonzalez2026 running 64-bit major release  (build 9200)
| Command      : upgrade_ip
| Device       : xc7z045ffg676-3
---------------------------------------------------------------------------------------------------------------------------------------------

Upgrade Log for IP 'SPI_TMAG5170UEVM_design_1_axi_smc_0'

1. Summary
----------

SUCCESS in the update of SPI_TMAG5170UEVM_design_1_axi_smc_0 (xilinx.com:ip:smartconnect:1.0 (Rev. 27)) to current project options.

After upgrade, an IP may have parameter and port differences compared to the original customization. Please review the parameters within the IP customization GUI to ensure proper functionality. Also, please review the updated IP instantiation template to ensure proper connectivity, and update your design if required.

2. Connection and Interface Information
---------------------------------------

Connection and Interface information can not be compared for deferred elaboration IPs.
SPI_TMAG5170UEVM_design_1_axi_smc_0 may have connection or interface changes.







Copyright 1986-2022 Xilinx, Inc. All Rights Reserved. Copyright 2022-2025 Advanced Micro Devices, Inc. All Rights Reserved.
---------------------------------------------------------------------------------------------------------------------------------------------
| Tool Version : Vivado v.2025.1 (win64) Build 6140274 Thu May 22 00:12:29 MDT 2025
| Date         : Tue Oct  6 10:51:03 2026
| Host         : Gonzalez2026 running 64-bit major release  (build 9200)
| Command      : upgrade_ip
| Device       : xc7z045ffg676-3
---------------------------------------------------------------------------------------------------------------------------------------------

Upgrade Log for IP 'SPI_TMAG5170UEVM_design_1_axi_quad_spi_0_0'

1. Summary
----------

SUCCESS in the update of SPI_TMAG5170UEVM_design_1_axi_quad_spi_0_0 (xilinx.com:ip:axi_quad_spi:3.2 (Rev. 34)) to current project options.






Copyright 1986-2022 Xilinx, Inc. All Rights Reserved. Copyright 2022-2025 Advanced Micro Devices, Inc. All Rights Reserved.
---------------------------------------------------------------------------------------------------------------------------------------------
| Tool Version : Vivado v.2025.1 (win64) Build 6140274 Thu May 22 00:12:29 MDT 2025
| Date         : Tue Oct  6 10:51:03 2026
| Host         : Gonzalez2026 running 64-bit major release  (build 9200)
| Command      : upgrade_ip
| Device       : xc7z045ffg676-3
---------------------------------------------------------------------------------------------------------------------------------------------

Upgrade Log for IP 'SPI_TMAG5170UEVM_design_1_axi_iic_0_0'

1. Summary
----------

SUCCESS in the update of SPI_TMAG5170UEVM_design_1_axi_iic_0_0 (xilinx.com:ip:axi_iic:2.1 (Rev. 11)) to current project options.






Copyright 1986-2022 Xilinx, Inc. All Rights Reserved. Copyright 2022-2025 Advanced Micro Devices, Inc. All Rights Reserved.
---------------------------------------------------------------------------------------------------------------------------------------------
| Tool Version : Vivado v.2025.1 (win64) Build 6140274 Thu May 22 00:12:29 MDT 2025
| Date         : Wed Sep 30 15:53:28 2026
| Host         : Gonzalez2026 running 64-bit major release  (build 9200)
| Command      : upgrade_ip
| Device       : xc7z045ffg676-2
---------------------------------------------------------------------------------------------------------------------------------------------

Upgrade Log for IP 'SPI_TMAG5170UEVM_design_1_rst_ps7_0_50M_0'

1. Summary
----------

SUCCESS in the update of SPI_TMAG5170UEVM_design_1_rst_ps7_0_50M_0 (xilinx.com:ip:proc_sys_reset:5.0 (Rev. 17)) to current project options.






Copyright 1986-2022 Xilinx, Inc. All Rights Reserved. Copyright 2022-2025 Advanced Micro Devices, Inc. All Rights Reserved.
---------------------------------------------------------------------------------------------------------------------------------------------
| Tool Version : Vivado v.2025.1 (win64) Build 6140274 Thu May 22 00:12:29 MDT 2025
| Date         : Wed Sep 30 15:53:28 2026
| Host         : Gonzalez2026 running 64-bit major release  (build 9200)
| Command      : upgrade_ip
| Device       : xc7z045ffg676-2
---------------------------------------------------------------------------------------------------------------------------------------------

Upgrade Log for IP 'SPI_TMAG5170UEVM_design_1_processing_system7_0_0'

1. Summary
----------

SUCCESS in the update of SPI_TMAG5170UEVM_design_1_processing_system7_0_0 (xilinx.com:ip:processing_system7:5.5 (Rev. 7)) to current project options.

2. Upgrade messages
-------------------

WARNING: upgrade cannot add parameter PCW_TRACE_INTERNAL_WIDTH with default value 32 : a parameter called PCW_TRACE_INTERNAL_WIDTH already exists in processing_system7_v5_5
WARNING: upgrade cannot add parameter PCW_USE_AXI_NONSECURE with default value 0 : a parameter called PCW_USE_AXI_NONSECURE already exists in processing_system7_v5_5
WARNING: upgrade cannot add parameter PCW_EN_PTP_ENET0 with default value 1 : a parameter called PCW_EN_PTP_ENET0 already exists in processing_system7_v5_5
WARNING: upgrade cannot add parameter PCW_EN_PTP_ENET0 with default value 1 : a parameter called PCW_EN_PTP_ENET0 already exists in processing_system7_v5_5
WARNING: upgrade cannot add parameter PCW_GP0_NUM_WRITE_THREADS with default value 4 : a parameter called PCW_GP0_NUM_WRITE_THREADS already exists in processing_system7_v5_5
WARNING: upgrade cannot add parameter PCW_GP0_NUM_READ_THREADS with default value 4 : a parameter called PCW_GP0_NUM_READ_THREADS already exists in processing_system7_v5_5
WARNING: upgrade cannot add parameter PCW_GP1_NUM_WRITE_THREADS with default value 4 : a parameter called PCW_GP1_NUM_WRITE_THREADS already exists in processing_system7_v5_5
WARNING: upgrade cannot add parameter PCW_GP1_NUM_READ_THREADS with default value 4 : a parameter called PCW_GP1_NUM_READ_THREADS already exists in processing_system7_v5_5
WARNING: upgrade cannot add parameter PCW_GP0_EN_MODIFIABLE_TXN with default value 0 : a parameter called PCW_GP0_EN_MODIFIABLE_TXN already exists in processing_system7_v5_5
WARNING: upgrade cannot add parameter PCW_GP1_EN_MODIFIABLE_TXN with default value 0 : a parameter called PCW_GP1_EN_MODIFIABLE_TXN already exists in processing_system7_v5_5






Copyright 1986-2022 Xilinx, Inc. All Rights Reserved. Copyright 2022-2025 Advanced Micro Devices, Inc. All Rights Reserved.
---------------------------------------------------------------------------------------------------------------------------------------------
| Tool Version : Vivado v.2025.1 (win64) Build 6140274 Thu May 22 00:12:29 MDT 2025
| Date         : Wed Sep 30 15:53:28 2026
| Host         : Gonzalez2026 running 64-bit major release  (build 9200)
| Command      : upgrade_ip
| Device       : xc7z045ffg676-2
---------------------------------------------------------------------------------------------------------------------------------------------

Upgrade Log for IP 'SPI_TMAG5170UEVM_design_1_axi_smc_0'

1. Summary
----------

SUCCESS in the update of SPI_TMAG5170UEVM_design_1_axi_smc_0 (xilinx.com:ip:smartconnect:1.0 (Rev. 27)) to current project options.

After upgrade, an IP may have parameter and port differences compared to the original customization. Please review the parameters within the IP customization GUI to ensure proper functionality. Also, please review the updated IP instantiation template to ensure proper connectivity, and update your design if required.

2. Connection and Interface Information
---------------------------------------

Connection and Interface information can not be compared for deferred elaboration IPs.
SPI_TMAG5170UEVM_design_1_axi_smc_0 may have connection or interface changes.







Copyright 1986-2022 Xilinx, Inc. All Rights Reserved. Copyright 2022-2025 Advanced Micro Devices, Inc. All Rights Reserved.
---------------------------------------------------------------------------------------------------------------------------------------------
| Tool Version : Vivado v.2025.1 (win64) Build 6140274 Thu May 22 00:12:29 MDT 2025
| Date         : Wed Sep 30 15:53:28 2026
| Host         : Gonzalez2026 running 64-bit major release  (build 9200)
| Command      : upgrade_ip
| Device       : xc7z045ffg676-2
---------------------------------------------------------------------------------------------------------------------------------------------

Upgrade Log for IP 'SPI_TMAG5170UEVM_design_1_axi_quad_spi_0_0'

1. Summary
----------

SUCCESS in the update of SPI_TMAG5170UEVM_design_1_axi_quad_spi_0_0 (xilinx.com:ip:axi_quad_spi:3.2 (Rev. 34)) to current project options.

